// Jest Snapshot v1, https://goo.gl/fbAQLP

exports[`renders correctly 1`] = `
<div
  className="MuiPaper-root MuiPaper-elevation0 makeStyles-footer-1 MuiPaper-rounded"
>
  <p>
    2019
     Â© 
    Global Client Solutions
  </p>
</div>
`;
