// Jest Snapshot v1, https://goo.gl/fbAQLP

exports[`renders correctly 1`] = `
<div
  className="makeStyles-loading-2"
>
  <div
    className="MuiBox-root MuiBox-root-5"
  >
    Loading...
  </div>
</div>
`;
