// Jest Snapshot v1, https://goo.gl/fbAQLP

exports[`renders correctly 1`] = `
<div
  className="MuiBox-root MuiBox-root-2"
>
  <div
    className="moduleContent"
  >
    <div
      className="MuiGrid-root MuiGrid-container MuiGrid-align-items-xs-flex-start MuiGrid-justify-xs-space-between"
    >
      <div
        className="MuiGrid-root MuiGrid-item MuiGrid-grid-xs-12 MuiGrid-grid-sm-12 MuiGrid-grid-md-12 MuiGrid-grid-lg-5"
      >
        <div
          className="MuiBox-root MuiBox-root-107"
        >
          <h1
            className="MuiTypography-root makeStyles-moduleSubTitle-106 MuiTypography-h6"
          >
            Change Password
          </h1>
        </div>
        <form
          onSubmit={[Function]}
        >
          <div
            className="MuiBox-root MuiBox-root-138"
          >
            <div
              className="MuiFormControl-root MuiTextField-root ajaxLabel MuiFormControl-marginNormal MuiFormControl-fullWidth"
            >
              <label
                className="MuiFormLabel-root MuiInputLabel-root MuiInputLabel-formControl MuiInputLabel-animated MuiInputLabel-shrink MuiInputLabel-outlined MuiFormLabel-filled"
                data-shrink={true}
                htmlFor="currentPassword"
              >
                Current Password
              </label>
              <div
                className="MuiInputBase-root MuiOutlinedInput-root MuiInputBase-fullWidth MuiInputBase-formControl"
                onClick={[Function]}
              >
                <fieldset
                  aria-hidden={true}
                  className="PrivateNotchedOutline-root-196 MuiOutlinedInput-notchedOutline"
                  style={
                    Object {
                      "paddingLeft": 8,
                    }
                  }
                >
                  <legend
                    className="PrivateNotchedOutline-legend-197"
                    style={
                      Object {
                        "width": 0,
                      }
                    }
                  >
                    <span
                      dangerouslySetInnerHTML={
                        Object {
                          "__html": "&#8203;",
                        }
                      }
                    />
                  </legend>
                </fieldset>
                <input
                  aria-invalid={false}
                  className="MuiInputBase-input MuiOutlinedInput-input"
                  disabled={false}
                  id="currentPassword"
                  name="currentPassword"
                  onBlur={[Function]}
                  onChange={[Function]}
                  onFocus={[Function]}
                  required={false}
                  type="text"
                  value=" "
                />
              </div>
            </div>
          </div>
          <div
            className="MuiBox-root MuiBox-root-198"
          >
            <div
              className="MuiFormControl-root MuiTextField-root ajaxLabel MuiFormControl-marginNormal MuiFormControl-fullWidth"
            >
              <label
                className="MuiFormLabel-root MuiInputLabel-root MuiInputLabel-formControl MuiInputLabel-animated MuiInputLabel-shrink MuiInputLabel-outlined MuiFormLabel-filled"
                data-shrink={true}
                htmlFor="newPassword"
              >
                New password
              </label>
              <div
                className="MuiInputBase-root MuiOutlinedInput-root MuiInputBase-fullWidth MuiInputBase-formControl"
                onClick={[Function]}
              >
                <fieldset
                  aria-hidden={true}
                  className="PrivateNotchedOutline-root-196 MuiOutlinedInput-notchedOutline"
                  style={
                    Object {
                      "paddingLeft": 8,
                    }
                  }
                >
                  <legend
                    className="PrivateNotchedOutline-legend-197"
                    style={
                      Object {
                        "width": 0,
                      }
                    }
                  >
                    <span
                      dangerouslySetInnerHTML={
                        Object {
                          "__html": "&#8203;",
                        }
                      }
                    />
                  </legend>
                </fieldset>
                <input
                  aria-describedby="newPassword-helper-text"
                  aria-invalid={false}
                  className="MuiInputBase-input MuiOutlinedInput-input"
                  disabled={false}
                  id="newPassword"
                  name="newPassword"
                  onBlur={[Function]}
                  onChange={[Function]}
                  onFocus={[Function]}
                  required={false}
                  type="text"
                  value=" "
                />
              </div>
              <p
                className="MuiFormHelperText-root MuiFormHelperText-contained MuiFormHelperText-filled"
                id="newPassword-helper-text"
              >
                Your Password should include one uppercase letter, one special character, and should be at least 8 characters in length.
              </p>
            </div>
          </div>
          <div
            className="MuiBox-root MuiBox-root-207"
          >
            <div
              className="MuiFormControl-root MuiTextField-root ajaxLabel MuiFormControl-marginNormal MuiFormControl-fullWidth"
            >
              <label
                className="MuiFormLabel-root MuiInputLabel-root MuiInputLabel-formControl MuiInputLabel-animated MuiInputLabel-shrink MuiInputLabel-outlined MuiFormLabel-filled"
                data-shrink={true}
                htmlFor="verifyNewPassword"
              >
                Verify New Password
              </label>
              <div
                className="MuiInputBase-root MuiOutlinedInput-root MuiInputBase-fullWidth MuiInputBase-formControl"
                onClick={[Function]}
              >
                <fieldset
                  aria-hidden={true}
                  className="PrivateNotchedOutline-root-196 MuiOutlinedInput-notchedOutline"
                  style={
                    Object {
                      "paddingLeft": 8,
                    }
                  }
                >
                  <legend
                    className="PrivateNotchedOutline-legend-197"
                    style={
                      Object {
                        "width": 0,
                      }
                    }
                  >
                    <span
                      dangerouslySetInnerHTML={
                        Object {
                          "__html": "&#8203;",
                        }
                      }
                    />
                  </legend>
                </fieldset>
                <input
                  aria-invalid={false}
                  className="MuiInputBase-input MuiOutlinedInput-input"
                  disabled={false}
                  id="verifyNewPassword"
                  name="verifyNewPassword"
                  onBlur={[Function]}
                  onChange={[Function]}
                  onFocus={[Function]}
                  required={false}
                  type="text"
                  value=" "
                />
              </div>
            </div>
          </div>
          <div
            className="MuiBox-root MuiBox-root-208"
          >
            <button
              className="MuiButtonBase-root MuiButton-root MuiButton-contained MuiButton-containedPrimary"
              disabled={false}
              onBlur={[Function]}
              onDragLeave={[Function]}
              onFocus={[Function]}
              onKeyDown={[Function]}
              onKeyUp={[Function]}
              onMouseDown={[Function]}
              onMouseLeave={[Function]}
              onMouseUp={[Function]}
              onTouchEnd={[Function]}
              onTouchMove={[Function]}
              onTouchStart={[Function]}
              tabIndex={0}
              type="submit"
            >
              <span
                className="MuiButton-label"
              >
                Update password
              </span>
            </button>
          </div>
        </form>
      </div>
      <div
        className="MuiGrid-root MuiGrid-item MuiGrid-grid-xs-12 MuiGrid-grid-sm-12 MuiGrid-grid-md-12 MuiGrid-grid-lg-6"
      >
        <div
          className="MuiBox-root MuiBox-root-231"
        >
          <h1
            className="MuiTypography-root makeStyles-moduleSubTitle-229 MuiTypography-h6"
          >
            Manage security questions
          </h1>
        </div>
        <form
          onSubmit={[Function]}
        >
          <div
            className="MuiFormControl-root makeStyles-formControl-230 MuiFormControl-marginNormal"
          >
            <label
              className="MuiFormLabel-root MuiInputLabel-root ajaxLabel MuiInputLabel-formControl MuiInputLabel-animated MuiInputLabel-shrink"
              data-shrink={true}
              htmlFor="question1NativeSimple"
            >
              Question #1
            </label>
            <div
              className="MuiInputBase-root MuiOutlinedInput-root MuiInputBase-formControl"
              onClick={[Function]}
            >
              <fieldset
                aria-hidden={true}
                className="PrivateNotchedOutline-root-196 MuiOutlinedInput-notchedOutline"
                style={
                  Object {
                    "paddingLeft": 8,
                  }
                }
              >
                <legend
                  className="PrivateNotchedOutline-legend-197"
                  style={
                    Object {
                      "width": 0.01,
                    }
                  }
                >
                  <span
                    dangerouslySetInnerHTML={
                      Object {
                        "__html": "&#8203;",
                      }
                    }
                  />
                </legend>
              </fieldset>
              <select
                aria-invalid={false}
                className="MuiSelect-root MuiSelect-select MuiInputBase-input MuiOutlinedInput-input MuiInputBase-inputSelect MuiOutlinedInput-inputSelect"
                disabled={false}
                id="question1NativeSimple"
                multiple={false}
                name="question1"
                onBlur={[Function]}
                onChange={[Function]}
                onFocus={[Function]}
                required={false}
                value=""
              />
              <svg
                aria-hidden="true"
                className="MuiSvgIcon-root MuiSelect-icon"
                focusable="false"
                role="presentation"
                viewBox="0 0 24 24"
              >
                <path
                  d="M7 10l5 5 5-5z"
                />
              </svg>
            </div>
          </div>
          <div
            className="MuiBox-root MuiBox-root-248"
          >
            <div
              className="MuiFormControl-root MuiTextField-root ajaxLabel MuiFormControl-marginNormal MuiFormControl-fullWidth"
            >
              <label
                className="MuiFormLabel-root MuiInputLabel-root MuiInputLabel-formControl MuiInputLabel-animated MuiInputLabel-outlined"
                data-shrink={false}
                htmlFor="answerOne"
              >
                Enter your answer for the first question
              </label>
              <div
                className="MuiInputBase-root MuiOutlinedInput-root MuiInputBase-fullWidth MuiInputBase-formControl"
                onClick={[Function]}
              >
                <fieldset
                  aria-hidden={true}
                  className="PrivateNotchedOutline-root-196 MuiOutlinedInput-notchedOutline"
                  style={
                    Object {
                      "paddingLeft": 8,
                    }
                  }
                >
                  <legend
                    className="PrivateNotchedOutline-legend-197"
                    style={
                      Object {
                        "width": 0.01,
                      }
                    }
                  >
                    <span
                      dangerouslySetInnerHTML={
                        Object {
                          "__html": "&#8203;",
                        }
                      }
                    />
                  </legend>
                </fieldset>
                <input
                  aria-describedby="answerOne-helper-text"
                  aria-invalid={false}
                  className="MuiInputBase-input MuiOutlinedInput-input"
                  disabled={false}
                  id="answerOne"
                  name="answerOne"
                  onBlur={[Function]}
                  onChange={[Function]}
                  onFocus={[Function]}
                  required={false}
                  type="text"
                  value=""
                />
              </div>
              <p
                className="MuiFormHelperText-root MuiFormHelperText-contained"
                id="answerOne-helper-text"
              >
                Answers are case sensitive.
              </p>
            </div>
          </div>
          <div
            className="MuiFormControl-root makeStyles-formControl-230 MuiFormControl-marginNormal"
          >
            <label
              className="MuiFormLabel-root MuiInputLabel-root ajaxLabel MuiInputLabel-formControl MuiInputLabel-animated MuiInputLabel-shrink"
              data-shrink={true}
              htmlFor="question2NativeSimple"
            >
              Question #2
            </label>
            <div
              className="MuiInputBase-root MuiOutlinedInput-root MuiInputBase-formControl"
              onClick={[Function]}
            >
              <fieldset
                aria-hidden={true}
                className="PrivateNotchedOutline-root-196 MuiOutlinedInput-notchedOutline"
                style={
                  Object {
                    "paddingLeft": 8,
                  }
                }
              >
                <legend
                  className="PrivateNotchedOutline-legend-197"
                  style={
                    Object {
                      "width": 0.01,
                    }
                  }
                >
                  <span
                    dangerouslySetInnerHTML={
                      Object {
                        "__html": "&#8203;",
                      }
                    }
                  />
                </legend>
              </fieldset>
              <select
                aria-invalid={false}
                className="MuiSelect-root MuiSelect-select MuiInputBase-input MuiOutlinedInput-input MuiInputBase-inputSelect MuiOutlinedInput-inputSelect"
                disabled={false}
                id="question2NativeSimple"
                multiple={false}
                name="question2"
                onBlur={[Function]}
                onChange={[Function]}
                onFocus={[Function]}
                required={false}
                value=""
              />
              <svg
                aria-hidden="true"
                className="MuiSvgIcon-root MuiSelect-icon"
                focusable="false"
                role="presentation"
                viewBox="0 0 24 24"
              >
                <path
                  d="M7 10l5 5 5-5z"
                />
              </svg>
            </div>
          </div>
          <div
            className="MuiBox-root MuiBox-root-249"
          >
            <div
              className="MuiFormControl-root MuiTextField-root ajaxLabel MuiFormControl-marginNormal MuiFormControl-fullWidth"
            >
              <label
                className="MuiFormLabel-root MuiInputLabel-root MuiInputLabel-formControl MuiInputLabel-animated MuiInputLabel-outlined"
                data-shrink={false}
                htmlFor="answerTwo"
              >
                Enter your answer for the second question
              </label>
              <div
                className="MuiInputBase-root MuiOutlinedInput-root MuiInputBase-fullWidth MuiInputBase-formControl"
                onClick={[Function]}
              >
                <fieldset
                  aria-hidden={true}
                  className="PrivateNotchedOutline-root-196 MuiOutlinedInput-notchedOutline"
                  style={
                    Object {
                      "paddingLeft": 8,
                    }
                  }
                >
                  <legend
                    className="PrivateNotchedOutline-legend-197"
                    style={
                      Object {
                        "width": 0.01,
                      }
                    }
                  >
                    <span
                      dangerouslySetInnerHTML={
                        Object {
                          "__html": "&#8203;",
                        }
                      }
                    />
                  </legend>
                </fieldset>
                <input
                  aria-describedby="answerTwo-helper-text"
                  aria-invalid={false}
                  className="MuiInputBase-input MuiOutlinedInput-input"
                  disabled={false}
                  id="answerTwo"
                  name="answerTwo"
                  onBlur={[Function]}
                  onChange={[Function]}
                  onFocus={[Function]}
                  required={false}
                  type="text"
                  value=""
                />
              </div>
              <p
                className="MuiFormHelperText-root MuiFormHelperText-contained"
                id="answerTwo-helper-text"
              >
                Answers are case sensitive.
              </p>
            </div>
          </div>
          <div
            className="MuiFormControl-root makeStyles-formControl-230 MuiFormControl-marginNormal"
          >
            <label
              className="MuiFormLabel-root MuiInputLabel-root ajaxLabel MuiInputLabel-formControl MuiInputLabel-animated MuiInputLabel-shrink"
              data-shrink={true}
              htmlFor="question3NativeSimple"
            >
              Question #3
            </label>
            <div
              className="MuiInputBase-root MuiOutlinedInput-root MuiInputBase-formControl"
              onClick={[Function]}
            >
              <fieldset
                aria-hidden={true}
                className="PrivateNotchedOutline-root-196 MuiOutlinedInput-notchedOutline"
                style={
                  Object {
                    "paddingLeft": 8,
                  }
                }
              >
                <legend
                  className="PrivateNotchedOutline-legend-197"
                  style={
                    Object {
                      "width": 0.01,
                    }
                  }
                >
                  <span
                    dangerouslySetInnerHTML={
                      Object {
                        "__html": "&#8203;",
                      }
                    }
                  />
                </legend>
              </fieldset>
              <select
                aria-invalid={false}
                className="MuiSelect-root MuiSelect-select MuiInputBase-input MuiOutlinedInput-input MuiInputBase-inputSelect MuiOutlinedInput-inputSelect"
                disabled={false}
                id="question3NativeSimple"
                multiple={false}
                name="question3"
                onBlur={[Function]}
                onChange={[Function]}
                onFocus={[Function]}
                required={false}
                value=""
              />
              <svg
                aria-hidden="true"
                className="MuiSvgIcon-root MuiSelect-icon"
                focusable="false"
                role="presentation"
                viewBox="0 0 24 24"
              >
                <path
                  d="M7 10l5 5 5-5z"
                />
              </svg>
            </div>
          </div>
          <div
            className="MuiBox-root MuiBox-root-250"
          >
            <div
              className="MuiFormControl-root MuiTextField-root ajaxLabel MuiFormControl-marginNormal MuiFormControl-fullWidth"
            >
              <label
                className="MuiFormLabel-root MuiInputLabel-root MuiInputLabel-formControl MuiInputLabel-animated MuiInputLabel-outlined"
                data-shrink={false}
                htmlFor="answerThree"
              >
                Enter your answer for the third question
              </label>
              <div
                className="MuiInputBase-root MuiOutlinedInput-root MuiInputBase-fullWidth MuiInputBase-formControl"
                onClick={[Function]}
              >
                <fieldset
                  aria-hidden={true}
                  className="PrivateNotchedOutline-root-196 MuiOutlinedInput-notchedOutline"
                  style={
                    Object {
                      "paddingLeft": 8,
                    }
                  }
                >
                  <legend
                    className="PrivateNotchedOutline-legend-197"
                    style={
                      Object {
                        "width": 0.01,
                      }
                    }
                  >
                    <span
                      dangerouslySetInnerHTML={
                        Object {
                          "__html": "&#8203;",
                        }
                      }
                    />
                  </legend>
                </fieldset>
                <input
                  aria-describedby="answerThree-helper-text"
                  aria-invalid={false}
                  className="MuiInputBase-input MuiOutlinedInput-input"
                  disabled={false}
                  id="answerThree"
                  name="answerThree"
                  onBlur={[Function]}
                  onChange={[Function]}
                  onFocus={[Function]}
                  required={false}
                  type="text"
                  value=""
                />
              </div>
              <p
                className="MuiFormHelperText-root MuiFormHelperText-contained"
                id="answerThree-helper-text"
              >
                Answers are case sensitive.
              </p>
            </div>
          </div>
          <div
            className="MuiBox-root MuiBox-root-251"
          >
            <button
              className="MuiButtonBase-root MuiButton-root MuiButton-contained MuiButton-containedPrimary"
              disabled={false}
              onBlur={[Function]}
              onDragLeave={[Function]}
              onFocus={[Function]}
              onKeyDown={[Function]}
              onKeyUp={[Function]}
              onMouseDown={[Function]}
              onMouseLeave={[Function]}
              onMouseUp={[Function]}
              onTouchEnd={[Function]}
              onTouchMove={[Function]}
              onTouchStart={[Function]}
              tabIndex={0}
              type="submit"
            >
              <span
                className="MuiButton-label"
              >
                Update security questions
              </span>
            </button>
          </div>
        </form>
      </div>
    </div>
  </div>
</div>
`;
